1101:begin
1003:list-begin
1003:list 2
1003:list-begin
1003:list-begin
1003:list 2
1003:list 6
1103
1101 false false false
