1101:begin
102:list-begin
102:part this
102:part that
102:part theother
102:list 3
430 coolguy
403 INTEGER false
442:list-begin
442:list 1
430 coolguy
1103
1101 false false false
