1101:begin
1112:list-begin
1112:list 3
1103
1101 false false false
