*******************************************
args[1]: R1116.f03
R1117:block-data-stmt__begin:
R1117:block-data-stmt: id=null
R 204:specification-part: numUseStmts=0 numImportStmts=0 numDeclConstructs=0
R1118:end-block-data-stmt: id=null
R1116:block-data:
Parser exiting normally
R1117:block-data-stmt__begin:
R1117:block-data-stmt: id=null
R 204:specification-part: numUseStmts=0 numImportStmts=0 numDeclConstructs=0
R1118:end-block-data-stmt: id=null
R1116:block-data:
Parser exiting normally
R1117:block-data-stmt__begin:
R1117:block-data-stmt: id=[@50,546:548='foo',<209>,21:11]
R 204:specification-part: numUseStmts=0 numImportStmts=0 numDeclConstructs=0
R1118:end-block-data-stmt: id=[@58,565:567='foo',<209>,22:15]
R1116:block-data:
Parser exiting normally
R1117:block-data-stmt__begin:
R1117:block-data-stmt: id=[@67,623:625='foo',<209>,25:11]
R 403:intrinsic-type-spec: keyword1=[@72,630:636='integer',<61>,26:3] keyword2=null type=400 hasKindSelector=false
R 502:declaration-type-spec: type=500
R 504:entity-decl-list__begin:
R 504:entity-decl: id=[@74,638:638='i',<209>,26:11]
R 504:entity-decl-list: count=1
R 501:type-declaration-stmt: numAttributes=0
R 207:declaration-construct:
R 204:specification-part: numUseStmts=0 numImportStmts=0 numDeclConstructs=1
R1118:end-block-data-stmt: id=[@82,655:657='foo',<209>,27:15]
R1116:block-data:
Parser exiting normally
********************************************
