R1101:main-program__begin:
R1203:interface-stmt__begin:
R1207:generic_spec: keyword=null name=[@4,40:44='binky',<206>,2:10] type=1500
R1203:interface-stmt: hasGenericSpec=true isAbstract=false
R 311:defined-operator: definedOp=[@12,69:78='.abstract.',<189>,3:23] isExtendedIntrinsicOp=false
R1207:generic_spec: keyword=[@10,60:67='operator',<130>,3:14] name=null type=1501
R1204:end-interface-stmt: hasGenericSpec=true
R1203:interface-stmt__begin:
R 311:defined-operator: definedOp=[@21,102:105='.le.',<48>,4:21] isExtendedIntrinsicOp=true
R1207:generic_spec: keyword=[@17,91:98='operator',<130>,4:10] name=null type=1501
R1203:interface-stmt: hasGenericSpec=true isAbstract=false
R 311:defined-operator: definedOp=[@31,132:132='-',<35>,5:23] isExtendedIntrinsicOp=true
R1207:generic_spec: keyword=[@29,123:130='operator',<130>,5:14] name=null type=1501
R1204:end-interface-stmt: hasGenericSpec=true
R1203:interface-stmt__begin:
R1207:generic_spec: keyword=[@36,145:154='assignment',<69>,6:10] name=null type=1502
R1203:interface-stmt: hasGenericSpec=true isAbstract=false
R1208:dtio_generic_spec: rw=[@45,173:177='write',<167>,7:14] format=[@47,179:189='unformatted',<160>,7:20] type=1603
R1204:end-interface-stmt: hasGenericSpec=true
R 204:specification-part: numUseStmts=0 numImportStmts=0 numDeclConstructs=3
R1103:end-program-stmt: id=null
R1101:main-program: hasProgramStmt=false hasExecutionPart=false hasInternalSubprogramPart=false
