1101:begin
1214:list-begin
1214 foo false
1214:list 1
1214:list-begin
1214 truth false
1214 beauty false
1214 ugly false
1214 lies false
1214:list 4
1103
1101 false false false
