*******************************************
args[1]: R1211.f03
R1101:main-program__begin:
R1214:proc-decl-list__begin:
R1214:proc-decl: id=[@51,867:867='a',<209>,25:12] hasNullInit=false
R1214:proc-decl-list: count=1
R1211:procedure-declaration-stmt: hasProcInterface=false count=0
R 207:declaration-construct:
R1214:proc-decl-list__begin:
R1214:proc-decl: id=[@57,881:881='a',<209>,26:12] hasNullInit=false
R1214:proc-decl: id=[@60,884:884='b',<209>,26:15] hasNullInit=false
R1214:proc-decl-list: count=2
R1211:procedure-declaration-stmt: hasProcInterface=false count=0
R 207:declaration-construct:
R1212:proc-interface: id=[@67,934:934='c',<209>,29:10]
R1214:proc-decl-list__begin:
R1214:proc-decl: id=[@70,937:937='a',<209>,29:13] hasNullInit=false
R1214:proc-decl-list: count=1
R1211:procedure-declaration-stmt: hasProcInterface=true count=0
R 207:declaration-construct:
R1212:proc-interface: id=[@74,949:949='c',<209>,30:10]
R1214:proc-decl-list__begin:
R1214:proc-decl: id=[@77,952:952='a',<209>,30:13] hasNullInit=false
R1214:proc-decl: id=[@80,955:955='b',<209>,30:16] hasNullInit=false
R1214:proc-decl-list: count=2
R1211:procedure-declaration-stmt: hasProcInterface=true count=0
R 207:declaration-construct:
R 406:int-literal-constant: digitString=[@86,975:975='4',<10>,31:18] kindParam=null
R 306:literal-constant:
R 701:primary:
R 404:kind-selector: token1=null token2=null hasExpression=true
R 403:intrinsic-type-spec: keyword1=[@84,967:973='integer',<61>,31:10] keyword2=null type=400 hasKindSelector=true
R 502:declaration-type-spec: type=500
R1212:proc-interface: id=null
R1214:proc-decl-list__begin:
R1214:proc-decl: id=[@90,979:979='a',<209>,31:22] hasNullInit=false
R1214:proc-decl-list: count=1
R1211:procedure-declaration-stmt: hasProcInterface=true count=0
R 207:declaration-construct:
R1212:proc-interface: id=[@97,1016:1016='c',<209>,34:10]
R1214:proc-decl-list__begin:
R1214:proc-decl: id=[@102,1022:1022='a',<209>,34:16] hasNullInit=false
R1214:proc-decl-list: count=1
R1211:procedure-declaration-stmt: hasProcInterface=true count=0
R 207:declaration-construct:
R1212:proc-interface: id=[@109,1071:1071='c',<209>,37:10]
R 509:language-binding-spec: language=[@115,1080:1080='c',<209>,37:19] hasName=false
R1225:proc-language-binding-spec:
R1213:proc-attr-spec: id=null spec=800
R 508:access-spec: keyword=[@119,1084:1089='public',<144>,37:23] type=803
R1213:proc-attr-spec: id=null spec=800
R1213:proc-attr-spec: id=null spec=814
R1214:proc-decl-list__begin:
R1214:proc-decl: id=[@126,1103:1103='a',<209>,37:42] hasNullInit=false
R1214:proc-decl: id=[@129,1106:1106='b',<209>,37:45] hasNullInit=false
R1214:proc-decl-list: count=2
R1211:procedure-declaration-stmt: hasProcInterface=true count=3
R 207:declaration-construct:
R1212:proc-interface: id=[@136,1150:1150='c',<209>,40:10]
R1213:proc-attr-spec: id=null spec=814
R1214:proc-decl-list__begin:
R 507:null-init: function-reference=[@146,1175:1178='null',<209>,40:35]
R1214:proc-decl: id=[@144,1165:1172='func_ptr',<209>,40:25] hasNullInit=true
R1214:proc-decl: id=[@151,1183:1183='b',<209>,40:43] hasNullInit=false
R1214:proc-decl-list: count=2
R1211:procedure-declaration-stmt: hasProcInterface=true count=1
R 207:declaration-construct:
R 204:specification-part: numUseStmts=0 numImportStmts=0 numDeclConstructs=8
R1103:end-program-stmt: id=null
R1101:main-program: hasProgramStmt=false hasExecutionPart=false hasInternalSubprogramPart=false
Parser exiting normally
********************************************
