1101:begin
463:list-begin
463:list 4
1103
1101 false false false
