1101:begin
613 X false false
612 1
603 false
601
469:list-begin
417 3 .2 null
417 4 .01 null
417 6 .5 null
469:list 3
465
734
613 Y false false
612 1
603 false
601
619:list-begin
469:list-begin
417 2 .0 null
469:list-begin
417 4 .5 null
417 4 .5 null
469:list 2
465
613 X false false
612 1
469:list 3
465
1221 true null
1220 SOURCE
469:list-begin
406 3 null
406 2 null
469:list 2
465
1221 true null
1220 SHAPE
619:list 2
613 RESHAPE true false
612 1
734
1103
1101 false true false
