1101:begin
613 x false false
612 1
603 false
601
469:list-begin
417 3 .1 null
417 4 .1 null
417 5 .9265 null
469:list 3
465
734
1103
1101 false true false
