1101:begin
558:list-begin
511:list-begin
406 1 null
511 false
406 2 null
511 false
406 3 null
511 false
511:list 3
511:list-begin
406 4 null
406 5 null
511 true
406 6 null
511 false
511:list 2
558:list 2
1103
1101 false false false
