1101:begin
526:list-begin
613 truth false false
612 1
603 false
601
613 beauty false false
612 1
603 false
601
613 ugly false false
612 1
603 false
601
526:list 3
530:list-begin
406 3 null
406 14 null
406 15 null
530:list 3
526:list-begin
613 foo false false
612 1
603 false
601
526:list 1
530:list-begin
406 3 null
530:list 1
1103
1101 false false false
