1101:begin
526:list-begin
613 truth false false
612 1
603 false
601
613 beauty false false
612 1
603 false
601
613 ugly false false
612 1
603 false
601
526:list 3
530:list-begin
417 3 .14159 null
416 null
417 2 .81828 null
416 null
406 6 null
530:list 3
526:list-begin
613 foo false false
612 1
603 false
601
526:list 1
530:list-begin
406 3 null
530:list 1
526:list-begin
613 bar false false
612 1
603 false
601
613 this false false
612 1
603 false
601
613 that false false
612 1
603 false
601
613 theother false false
612 1
603 false
601
526:list 4
530:list-begin
406 2 null
406 3 null
405 null
406 2 null
417 7 .6 null
416 null
530:list 2
1103
1101 false false false
