1101:begin
544:list-begin
544:list 3
1103
1101 false false false
