1101:begin
555:list-begin
613 a false false
612 1
609 false
556:list-begin
619:list-begin
406 3 null
619 true false false true
619:list 1
613 b true false
612 1
609 false
556:list 1
613 x false false
612 1
609 false
556:list-begin
619:list-begin
406 2 null
619 true false false true
619:list 1
613 y true false
612 1
609 false
619:list-begin
406 4 null
619 true false false true
619:list 1
613 z true false
612 1
609 false
556:list 2
555:list 2
1103
1101 false false false
