1101:begin
629:list-begin
613 this false false
612 1
613 that false false
612 1
613 theother false false
612 1
629:list 3
1103
1101 false true false
