1101:begin
629:list-begin
613 this false false
612 1
629:list 1
636:list-begin
613 test false false
612 1
603 false
636:list 1
629:list-begin
613 that false false
612 1
629:list 1
636:list-begin
613 test false false
612 1
603 false
613 whatever false false
612 1
603 false
636:list 2
1103
1101 false true false
