1101:begin
909:list-begin
406 10 null
909:list 1
909:list-begin
406 20 null
428 null null 'keep'
428 null null 'foo'
909:list 3
1103
1101 false true false
