1101:begin
915:list-begin
613 truth false false
612 1
603 false
601
613 beauty false false
612 1
603 false
601
915:list 2
915:list-begin
613 or false false
612 1
603 false
601
613 ugly false false
612 1
603 false
601
613 lies false false
612 1
603 false
601
915:list 3
1103
1101 false true false
