1101:begin
913:list-begin
913:list 2
916:list-begin
613 truth false false
612 1
613 beauty false false
612 1
916:list 2
913:list-begin
913:list 2
916:list-begin
613 or false false
612 1
613 ugly false false
612 1
613 lies false false
612 1
916:list 3
1103
1101 false true false
