*******************************************
args[1]: R923.f03
R1101:main-program__begin:
R 204:specification-part: numUseStmts=0 numImportStmts=0 numDeclConstructs=0
R 406:int-literal-constant: digitString=[@12,194:195='10',<10>,6:10] kindParam=null
R 306:literal-constant:
R 701:primary:
R 902:file-unit-number:
R 923:backspace-stmt: hasPositionSpecList=false
R 214:action-stmt:
R 213:executable-construct:
R 926:position-spec-list__begin:
R 406:int-literal-constant: digitString=[@17,208:209='10',<10>,7:11] kindParam=null
R 306:literal-constant:
R 701:primary:
R 926:position-spec: id=null
R 613:part-ref: id=[@22,219:219='n',<209>,7:22] hasSelectionSubscriptList=false hasImageSelector=false
R 612:data-ref: numPartRef=1
R -3:designator-or-func-ref:
R 701:primary:
R 926:position-spec: id=[@20,212:217='iostat',<209>,7:15]
R 926:position-spec-list: count=2
R 923:backspace-stmt: hasPositionSpecList=true
R 214:action-stmt:
R 213:executable-construct:
R 209:execution-part-construct:
R 208:execution-part:
R1103:end-program-stmt: id=null
R1101:main-program: hasProgramStmt=false hasExecutionPart=true hasInternalSubprogramPart=false
Parser exiting normally
********************************************
