*******************************************
args[1]: R924.f03
R1101:main-program__begin:
R 204:specification-part: numUseStmts=0 numImportStmts=0 numDeclConstructs=0
R 406:int-literal-constant: digitString=[@12,196:197='10',<10>,6:8] kindParam=null
R 306:literal-constant:
R 701:primary:
R 902:file-unit-number:
R 924:endfile-stmt: hasPositionSpecList=false
R 214:action-stmt:
R 213:executable-construct:
R 926:position-spec-list__begin:
R 406:int-literal-constant: digitString=[@17,208:209='10',<10>,7:9] kindParam=null
R 306:literal-constant:
R 701:primary:
R 926:position-spec: id=null
R 613:part-ref: id=[@22,219:219='n',<209>,7:20] hasSelectionSubscriptList=false hasImageSelector=false
R 612:data-ref: numPartRef=1
R -3:designator-or-func-ref:
R 701:primary:
R 926:position-spec: id=[@20,212:217='iostat',<209>,7:13]
R 406:int-literal-constant: digitString=[@27,226:226='4',<10>,7:27] kindParam=null
R 306:literal-constant:
R 701:primary:
R 926:position-spec: id=[@25,222:224='err',<209>,7:23]
R 926:position-spec-list: count=3
R 924:endfile-stmt: hasPositionSpecList=true
R 214:action-stmt:
R 213:executable-construct:
R 209:execution-part-construct:
R 208:execution-part:
R1103:end-program-stmt: id=null
R1101:main-program: hasProgramStmt=false hasExecutionPart=true hasInternalSubprogramPart=false
Parser exiting normally
********************************************
